Traceback (most recent call last):
  File "/home/venv/lib/python3.12/site-packages/jupyter_cache/executors/utils.py", line 58, in single_nb_execution
    executenb(
  File "/home/venv/lib/python3.12/site-packages/nbclient/client.py", line 1319, in execute
    return NotebookClient(nb=nb, resources=resources, km=km, **kwargs).execute()
           ^^^^^^^^^^^^^^^^^^^^^^^^^^^^^^^^^^^^^^^^^^^^^^^^^^^^^^^^^^^^^^^^^^^^^
  File "/home/venv/lib/python3.12/site-packages/jupyter_core/utils/__init__.py", line 165, in wrapped
    return loop.run_until_complete(inner)
           ^^^^^^^^^^^^^^^^^^^^^^^^^^^^^^
  File "/usr/lib/python3.12/asyncio/base_events.py", line 687, in run_until_complete
    return future.result()
           ^^^^^^^^^^^^^^^
  File "/home/venv/lib/python3.12/site-packages/nbclient/client.py", line 709, in async_execute
    await self.async_execute_cell(
  File "/home/venv/lib/python3.12/site-packages/nbclient/client.py", line 1062, in async_execute_cell
    await self._check_raise_for_error(cell, cell_index, exec_reply)
  File "/home/venv/lib/python3.12/site-packages/nbclient/client.py", line 918, in _check_raise_for_error
    raise CellExecutionError.from_cell_and_msg(cell, exec_reply_content)
nbclient.exceptions.CellExecutionError: An error occurred while executing the following cell:
------------------
from math import sin, pi
import numpy as np
from sympy import Symbol, integrate
# function for the Rectangular rule                                                                                        
def Rectangular(a,b,f,n):
   h = (b-a)/float(n)
   s = 0
   for i in range(0,n,1):
       x = (i+0.5)*h
       s = s+ f(x)
   return h*s
# function to integrate
def function(x):
    return sin(2*pi*x)
# define integration limits and integration points                                                                         
a = 0.0; b = 0.5;
n = 100
Exact = 1./pi
print("Relative error= ", abs( (Rectangular(a,b,function,n)-Exact)/Exact))
------------------


[0;31m---------------------------------------------------------------------------[0m
[0;31mModuleNotFoundError[0m                       Traceback (most recent call last)
Cell [0;32mIn[1], line 3[0m
[1;32m      1[0m [38;5;28;01mfrom[39;00m[38;5;250m [39m[38;5;21;01mmath[39;00m[38;5;250m [39m[38;5;28;01mimport[39;00m sin, pi
[1;32m      2[0m [38;5;28;01mimport[39;00m[38;5;250m [39m[38;5;21;01mnumpy[39;00m[38;5;250m [39m[38;5;28;01mas[39;00m[38;5;250m [39m[38;5;21;01mnp[39;00m
[0;32m----> 3[0m [38;5;28;01mfrom[39;00m[38;5;250m [39m[38;5;21;01msympy[39;00m[38;5;250m [39m[38;5;28;01mimport[39;00m Symbol, integrate
[1;32m      4[0m [38;5;66;03m# function for the Rectangular rule                                                                                        [39;00m
[1;32m      5[0m [38;5;28;01mdef[39;00m[38;5;250m [39m[38;5;21mRectangular[39m(a,b,f,n):

[0;31mModuleNotFoundError[0m: No module named 'sympy'

