Traceback (most recent call last):
  File "/home/venv/lib/python3.12/site-packages/jupyter_cache/executors/utils.py", line 58, in single_nb_execution
    executenb(
  File "/home/venv/lib/python3.12/site-packages/nbclient/client.py", line 1319, in execute
    return NotebookClient(nb=nb, resources=resources, km=km, **kwargs).execute()
           ^^^^^^^^^^^^^^^^^^^^^^^^^^^^^^^^^^^^^^^^^^^^^^^^^^^^^^^^^^^^^^^^^^^^^
  File "/home/venv/lib/python3.12/site-packages/jupyter_core/utils/__init__.py", line 165, in wrapped
    return loop.run_until_complete(inner)
           ^^^^^^^^^^^^^^^^^^^^^^^^^^^^^^
  File "/usr/lib/python3.12/asyncio/base_events.py", line 687, in run_until_complete
    return future.result()
           ^^^^^^^^^^^^^^^
  File "/home/venv/lib/python3.12/site-packages/nbclient/client.py", line 709, in async_execute
    await self.async_execute_cell(
  File "/home/venv/lib/python3.12/site-packages/nbclient/client.py", line 1062, in async_execute_cell
    await self._check_raise_for_error(cell, cell_index, exec_reply)
  File "/home/venv/lib/python3.12/site-packages/nbclient/client.py", line 918, in _check_raise_for_error
    raise CellExecutionError.from_cell_and_msg(cell, exec_reply_content)
nbclient.exceptions.CellExecutionError: An error occurred while executing the following cell:
------------------
from scipy.integrate import solve_ivp

## Define the simple harmonic oscillator for the solve_ivp function
## Note it expects a particular data structure to be returned
def SHOIVP(t, y, omega):
    x, v = y
    dydt = [v, -omega**2 * x]
    return dydt

## Use the same initial conditions and time parameters
t0 = 0
tf = 100
t = np.linspace(t0, tf, 10000)
y0 = [1, 0]
omega = 1

## Call the solve_ivp function
sol = solve_ivp(SHOIVP, [t0, tf], y0, args=(omega,), t_eval=t)

## Create a DataFrame from the solution
solve_ivpdf = pd.DataFrame({'t': sol.t, 'x': sol.y[0], 'v': sol.y[1]})

## Note the times are not exactly the same
solve_ivpdf.head()

## Plot the solution
plt.figure(figsize=(12, 6))
plt.plot(exactdf['t'], exactdf['x'], label='Exact')
plt.plot(solve_ivpdf['t'], solve_ivpdf['x'], '--', label='SciPy')
plt.title('Position vs Time')
plt.xlabel('Time (s)')
plt.ylabel('Position (m)')
plt.grid(True)
plt.legend();

------------------


[0;31m---------------------------------------------------------------------------[0m
[0;31mModuleNotFoundError[0m                       Traceback (most recent call last)
Cell [0;32mIn[24], line 1[0m
[0;32m----> 1[0m [38;5;28;01mfrom[39;00m[38;5;250m [39m[38;5;21;01mscipy[39;00m[38;5;21;01m.[39;00m[38;5;21;01mintegrate[39;00m[38;5;250m [39m[38;5;28;01mimport[39;00m solve_ivp
[1;32m      3[0m [38;5;66;03m## Define the simple harmonic oscillator for the solve_ivp function[39;00m
[1;32m      4[0m [38;5;66;03m## Note it expects a particular data structure to be returned[39;00m
[1;32m      5[0m [38;5;28;01mdef[39;00m[38;5;250m [39m[38;5;21mSHOIVP[39m(t, y, omega):

[0;31mModuleNotFoundError[0m: No module named 'scipy'

