Traceback (most recent call last):
  File "/home/venv/lib/python3.12/site-packages/jupyter_cache/executors/utils.py", line 58, in single_nb_execution
    executenb(
  File "/home/venv/lib/python3.12/site-packages/nbclient/client.py", line 1319, in execute
    return NotebookClient(nb=nb, resources=resources, km=km, **kwargs).execute()
           ^^^^^^^^^^^^^^^^^^^^^^^^^^^^^^^^^^^^^^^^^^^^^^^^^^^^^^^^^^^^^^^^^^^^^
  File "/home/venv/lib/python3.12/site-packages/jupyter_core/utils/__init__.py", line 165, in wrapped
    return loop.run_until_complete(inner)
           ^^^^^^^^^^^^^^^^^^^^^^^^^^^^^^
  File "/usr/lib/python3.12/asyncio/base_events.py", line 687, in run_until_complete
    return future.result()
           ^^^^^^^^^^^^^^^
  File "/home/venv/lib/python3.12/site-packages/nbclient/client.py", line 709, in async_execute
    await self.async_execute_cell(
  File "/home/venv/lib/python3.12/site-packages/nbclient/client.py", line 1062, in async_execute_cell
    await self._check_raise_for_error(cell, cell_index, exec_reply)
  File "/home/venv/lib/python3.12/site-packages/nbclient/client.py", line 918, in _check_raise_for_error
    raise CellExecutionError.from_cell_and_msg(cell, exec_reply_content)
nbclient.exceptions.CellExecutionError: An error occurred while executing the following cell:
------------------
# Now we can compute the mean acceleration using our data
# inport pandas first
import pandas as pd
# We define first an array Aaverage
n = np.size(t)
Aaverage = np.zeros(n)
Aaverage[0] = 0
TotalAaverage = np.zeros(n)
for i in range(1,n):
    Aaverage[i] = (Vaverage[i]-Vaverage[i-1])/(t[i]-t[i-1])
    TotalAaverage[i] = (Vaverage[i]-Vaverage[0])/(t[i]-t[0])
data = {'t[s]': t,
        'x[m]': x,
        'v[m/s]': Vaverage,
	'Totvaver[m/s]': TotalVaverage,
        'a[m/s^2]': Aaverage,
	'TotAaver[m/s]': TotalAaverage
        }
NewData = pd.DataFrame(data)
display(NewData[0:n])
------------------


[0;31m---------------------------------------------------------------------------[0m
[0;31mModuleNotFoundError[0m                       Traceback (most recent call last)
Cell [0;32mIn[11], line 3[0m
[1;32m      1[0m [38;5;66;03m# Now we can compute the mean acceleration using our data[39;00m
[1;32m      2[0m [38;5;66;03m# inport pandas first[39;00m
[0;32m----> 3[0m [38;5;28;01mimport[39;00m[38;5;250m [39m[38;5;21;01mpandas[39;00m[38;5;250m [39m[38;5;28;01mas[39;00m[38;5;250m [39m[38;5;21;01mpd[39;00m
[1;32m      4[0m [38;5;66;03m# We define first an array Aaverage[39;00m
[1;32m      5[0m n [38;5;241m=[39m np[38;5;241m.[39msize(t)

[0;31mModuleNotFoundError[0m: No module named 'pandas'

